// Jest Snapshot v1, https://goo.gl/fbAQLP

exports[`Application Root (main.tsx) should render the App into the root element successfully 1`] = `
{
  "$$typeof": Symbol(react.transitional.element),
  "_owner": null,
  "_store": {},
  "key": null,
  "props": {
    "children": {
      "$$typeof": Symbol(react.transitional.element),
      "_owner": null,
      "_store": {},
      "key": null,
      "props": {
        "children": {
          "$$typeof": Symbol(react.transitional.element),
          "_owner": null,
          "_store": {},
          "key": null,
          "props": {},
          "type": [Function],
        },
      },
      "type": [Function],
    },
  },
  "type": Symbol(react.strict_mode),
}
`;
